=== unified_v3 start 2026-09-14T02:35:28Z ===
ENV kernel=6.17.0-41-generic disk=nvme2n1 ra_kb=128 governor=powersave driver=amd-pstate-epp epp=balance_performance boost=1 maxfreq_khz=5756452 thp=madvise loadavg=0.09 memavail_kb=19354184
[rep1 warm] A orig baseline baseline: fq=543.63 delivery=0.0 cold=0.0
[rep1 warm] B orig baseline baseline: fq=755.18 delivery=0.0 cold=0.0
[rep1 warm] C orig baseline baseline: fq=1079.09 delivery=0.0 cold=0.0
[rep1 warm] A orig layers_5 pread: fq=181.22 delivery=100.0 cold=0.0
[rep1 warm] A orig layers_5 async: fq=435.35 delivery=100.0 cold=0.0
[rep1 warm] A orig 2d pread: fq=182.43 delivery=100.0 cold=0.0
[rep1 warm] A orig 2d async: fq=398.92 delivery=100.0 cold=0.0
[rep1 warm] A orig 2e_K10 pread: fq=182.91 delivery=100.0 cold=0.0
[rep1 warm] A orig 2e_K10 async: fq=408.45 delivery=100.0 cold=0.0
[rep1 warm] A orig 2e_K500 pread: fq=182.08 delivery=100.0 cold=0.0
[rep1 warm] A orig 2e_K500 async: fq=182.01 delivery=100.0 cold=0.0
[rep1 warm] A orig 2f_slru pread: fq=99.81 delivery=100.0 cold=0.0
[rep1 warm] A orig 2f_slru async: fq=95.77 delivery=100.0 cold=0.0
[rep1 warm] B orig layers_5 pread: fq=409.47 delivery=100.0 cold=0.0
[rep1 warm] B orig layers_5 async: fq=413.96 delivery=100.0 cold=0.0
[rep1 warm] B orig 2d pread: fq=408.4 delivery=100.0 cold=0.0
[rep1 warm] B orig 2d async: fq=460.49 delivery=100.0 cold=0.0
[rep1 warm] B orig 2e_K10 pread: fq=408.35 delivery=100.0 cold=0.0
[rep1 warm] B orig 2e_K10 async: fq=410.25 delivery=100.0 cold=0.0
[rep1 warm] B orig 2e_K500 pread: fq=457.07 delivery=100.0 cold=0.0
[rep1 warm] B orig 2e_K500 async: fq=455.75 delivery=100.0 cold=0.0
[rep1 warm] B orig 2f_slru pread: fq=101.41 delivery=100.0 cold=0.0
[rep1 warm] B orig 2f_slru async: fq=100.05 delivery=100.0 cold=0.0
[rep1 warm] C orig layers_5 pread: fq=1037.96 delivery=100.0 cold=0.0
[rep1 warm] C orig layers_5 async: fq=1040.05 delivery=100.0 cold=0.0
[rep1 warm] C orig 2d pread: fq=596.65 delivery=100.0 cold=0.0
[rep1 warm] C orig 2d async: fq=663.7 delivery=100.0 cold=0.0
[rep1 warm] C orig 2e_K10 pread: fq=180.61 delivery=100.0 cold=0.0
[rep1 warm] C orig 2e_K10 async: fq=182.79 delivery=100.0 cold=0.0
[rep1 warm] C orig 2e_K500 pread: fq=186.27 delivery=100.0 cold=0.0
[rep1 warm] C orig 2e_K500 async: fq=185.93 delivery=59.5 cold=0.0
[rep1 warm] C orig 2f_slru pread: fq=127.35 delivery=100.0 cold=0.0
[rep1 warm] C orig 2f_slru async: fq=98.61 delivery=100.0 cold=0.0
[rep2 keep] A orig baseline baseline: fq=500.85 delivery=0.0 cold=0.0
[rep2 keep] B orig baseline baseline: fq=729.23 delivery=0.0 cold=0.0
[rep2 keep] C orig baseline baseline: fq=1063.91 delivery=0.0 cold=0.0
[rep2 keep] A orig layers_5 pread: fq=182.11 delivery=100.0 cold=0.0
[rep2 keep] A orig layers_5 async: fq=407.0 delivery=100.0 cold=0.0
[rep2 keep] A orig 2d pread: fq=179.94 delivery=100.0 cold=0.0
[rep2 keep] A orig 2d async: fq=323.26 delivery=100.0 cold=0.0
[rep2 keep] A orig 2e_K10 pread: fq=179.54 delivery=100.0 cold=0.0
[rep2 keep] A orig 2e_K10 async: fq=364.78 delivery=100.0 cold=0.0
[rep2 keep] A orig 2e_K500 pread: fq=179.25 delivery=100.0 cold=0.0
[rep2 keep] A orig 2e_K500 async: fq=181.38 delivery=100.0 cold=0.0
[rep2 keep] A orig 2f_slru pread: fq=91.36 delivery=100.0 cold=0.0
[rep2 keep] A orig 2f_slru async: fq=96.9 delivery=100.0 cold=0.0
[rep2 keep] B orig layers_5 pread: fq=413.86 delivery=100.0 cold=0.0
[rep2 keep] B orig layers_5 async: fq=408.37 delivery=100.0 cold=0.0
[rep2 keep] B orig 2d pread: fq=399.97 delivery=100.0 cold=0.0
[rep2 keep] B orig 2d async: fq=394.41 delivery=100.0 cold=0.0
[rep2 keep] B orig 2e_K10 pread: fq=417.92 delivery=100.0 cold=0.0
[rep2 keep] B orig 2e_K10 async: fq=414.67 delivery=100.0 cold=0.0
[rep2 keep] B orig 2e_K500 pread: fq=405.39 delivery=100.0 cold=0.0
[rep2 keep] B orig 2e_K500 async: fq=454.74 delivery=100.0 cold=0.0
[rep2 keep] B orig 2f_slru pread: fq=98.52 delivery=100.0 cold=0.0
[rep2 keep] B orig 2f_slru async: fq=104.08 delivery=100.0 cold=0.0
[rep2 keep] C orig layers_5 pread: fq=1037.03 delivery=100.0 cold=0.0
[rep2 keep] C orig layers_5 async: fq=911.36 delivery=100.0 cold=0.0
[rep2 keep] C orig 2d pread: fq=658.09 delivery=100.0 cold=0.0
[rep2 keep] C orig 2d async: fq=663.39 delivery=100.0 cold=0.0
[rep2 keep] C orig 2e_K10 pread: fq=182.05 delivery=100.0 cold=0.0
[rep2 keep] C orig 2e_K10 async: fq=182.57 delivery=100.0 cold=0.0
[rep2 keep] C orig 2e_K500 pread: fq=182.27 delivery=100.0 cold=0.0
[rep2 keep] C orig 2e_K500 async: fq=184.5 delivery=67.5 cold=0.0
[rep2 keep] C orig 2f_slru pread: fq=101.22 delivery=100.0 cold=0.0
[rep2 keep] C orig 2f_slru async: fq=97.11 delivery=100.0 cold=0.0
[rep3 keep] A orig baseline baseline: fq=509.95 delivery=0.0 cold=0.0
[rep3 keep] B orig baseline baseline: fq=728.46 delivery=0.0 cold=0.0
[rep3 keep] C orig baseline baseline: fq=1074.85 delivery=0.0 cold=0.0
[rep3 keep] A orig layers_5 pread: fq=174.2 delivery=100.0 cold=0.0
[rep3 keep] A orig layers_5 async: fq=390.1 delivery=100.0 cold=0.0
[rep3 keep] A orig 2d pread: fq=182.3 delivery=100.0 cold=0.0
[rep3 keep] A orig 2d async: fq=354.66 delivery=100.0 cold=0.0
[rep3 keep] A orig 2e_K10 pread: fq=177.1 delivery=100.0 cold=0.0
[rep3 keep] A orig 2e_K10 async: fq=334.42 delivery=100.0 cold=0.0
[rep3 keep] A orig 2e_K500 pread: fq=183.16 delivery=100.0 cold=0.0
[rep3 keep] A orig 2e_K500 async: fq=181.56 delivery=100.0 cold=0.0
[rep3 keep] A orig 2f_slru pread: fq=97.06 delivery=100.0 cold=0.0
[rep3 keep] A orig 2f_slru async: fq=99.07 delivery=100.0 cold=0.0
[rep3 keep] B orig layers_5 pread: fq=408.18 delivery=100.0 cold=0.0
[rep3 keep] B orig layers_5 async: fq=412.75 delivery=100.0 cold=0.0
[rep3 keep] B orig 2d pread: fq=412.29 delivery=100.0 cold=0.0
[rep3 keep] B orig 2d async: fq=402.61 delivery=100.0 cold=0.0
[rep3 keep] B orig 2e_K10 pread: fq=412.4 delivery=100.0 cold=0.0
[rep3 keep] B orig 2e_K10 async: fq=409.59 delivery=100.0 cold=0.0
[rep3 keep] B orig 2e_K500 pread: fq=454.45 delivery=100.0 cold=0.0
[rep3 keep] B orig 2e_K500 async: fq=454.35 delivery=100.0 cold=0.0
[rep3 keep] B orig 2f_slru pread: fq=99.41 delivery=100.0 cold=0.0
[rep3 keep] B orig 2f_slru async: fq=99.65 delivery=100.0 cold=0.0
[rep3 keep] C orig layers_5 pread: fq=1040.83 delivery=100.0 cold=0.0
[rep3 keep] C orig layers_5 async: fq=1035.64 delivery=100.0 cold=0.0
[rep3 keep] C orig 2d pread: fq=656.14 delivery=100.0 cold=0.0
[rep3 keep] C orig 2d async: fq=655.37 delivery=100.0 cold=0.0
[rep3 keep] C orig 2e_K10 pread: fq=180.57 delivery=100.0 cold=0.0
[rep3 keep] C orig 2e_K10 async: fq=180.92 delivery=100.0 cold=0.0
[rep3 keep] C orig 2e_K500 pread: fq=179.08 delivery=100.0 cold=0.0
[rep3 keep] C orig 2e_K500 async: fq=180.03 delivery=68.3 cold=0.0
[rep3 keep] C orig 2f_slru pread: fq=91.48 delivery=100.0 cold=0.0
[rep3 keep] C orig 2f_slru async: fq=92.48 delivery=100.0 cold=0.0
[rep4 keep] A orig baseline baseline: fq=495.3 delivery=0.0 cold=0.0
[rep4 keep] B orig baseline baseline: fq=748.28 delivery=0.0 cold=0.0
[rep4 keep] C orig baseline baseline: fq=1072.72 delivery=0.0 cold=0.0
[rep4 keep] A orig layers_5 pread: fq=179.82 delivery=100.0 cold=0.0
[rep4 keep] A orig layers_5 async: fq=376.91 delivery=100.0 cold=0.0
[rep4 keep] A orig 2d pread: fq=181.88 delivery=100.0 cold=0.0
[rep4 keep] A orig 2d async: fq=353.22 delivery=100.0 cold=0.0
[rep4 keep] A orig 2e_K10 pread: fq=180.11 delivery=100.0 cold=0.0
[rep4 keep] A orig 2e_K10 async: fq=403.38 delivery=100.0 cold=0.0
[rep4 keep] A orig 2e_K500 pread: fq=183.83 delivery=100.0 cold=0.0
[rep4 keep] A orig 2e_K500 async: fq=184.26 delivery=100.0 cold=0.0
[rep4 keep] A orig 2f_slru pread: fq=95.85 delivery=100.0 cold=0.0
[rep4 keep] A orig 2f_slru async: fq=97.13 delivery=100.0 cold=0.0
[rep4 keep] B orig layers_5 pread: fq=406.21 delivery=100.0 cold=0.0
[rep4 keep] B orig layers_5 async: fq=398.56 delivery=100.0 cold=0.0
[rep4 keep] B orig 2d pread: fq=400.26 delivery=100.0 cold=0.0
[rep4 keep] B orig 2d async: fq=419.98 delivery=100.0 cold=0.0
[rep4 keep] B orig 2e_K10 pread: fq=398.79 delivery=100.0 cold=0.0
[rep4 keep] B orig 2e_K10 async: fq=406.52 delivery=100.0 cold=0.0
[rep4 keep] B orig 2e_K500 pread: fq=455.2 delivery=100.0 cold=0.0
[rep4 keep] B orig 2e_K500 async: fq=457.04 delivery=100.0 cold=0.0
[rep4 keep] B orig 2f_slru pread: fq=98.44 delivery=100.0 cold=0.0
[rep4 keep] B orig 2f_slru async: fq=98.22 delivery=100.0 cold=0.0
[rep4 keep] C orig layers_5 pread: fq=1039.81 delivery=100.0 cold=0.0
[rep4 keep] C orig layers_5 async: fq=1035.54 delivery=100.0 cold=0.0
[rep4 keep] C orig 2d pread: fq=692.52 delivery=100.0 cold=0.0
[rep4 keep] C orig 2d async: fq=660.8 delivery=100.0 cold=0.0
[rep4 keep] C orig 2e_K10 pread: fq=182.32 delivery=100.0 cold=0.0
[rep4 keep] C orig 2e_K10 async: fq=185.22 delivery=100.0 cold=0.0
[rep4 keep] C orig 2e_K500 pread: fq=182.76 delivery=100.0 cold=0.0
[rep4 keep] C orig 2e_K500 async: fq=182.2 delivery=58.9 cold=0.0
[rep4 keep] C orig 2f_slru pread: fq=94.12 delivery=100.0 cold=0.0
[rep4 keep] C orig 2f_slru async: fq=97.73 delivery=100.0 cold=0.0
[rep5 keep] A orig baseline baseline: fq=502.06 delivery=0.0 cold=0.0
[rep5 keep] B orig baseline baseline: fq=729.57 delivery=0.0 cold=0.0
[rep5 keep] C orig baseline baseline: fq=1077.08 delivery=0.0 cold=0.0
[rep5 keep] A orig layers_5 pread: fq=180.19 delivery=100.0 cold=0.0
[rep5 keep] A orig layers_5 async: fq=357.75 delivery=100.0 cold=0.0
[rep5 keep] A orig 2d pread: fq=179.81 delivery=100.0 cold=0.0
[rep5 keep] A orig 2d async: fq=354.44 delivery=100.0 cold=0.0
[rep5 keep] A orig 2e_K10 pread: fq=186.11 delivery=100.0 cold=0.0
[rep5 keep] A orig 2e_K10 async: fq=359.71 delivery=100.0 cold=0.0
[rep5 keep] A orig 2e_K500 pread: fq=180.6 delivery=100.0 cold=0.0
[rep5 keep] A orig 2e_K500 async: fq=183.5 delivery=100.0 cold=0.0
[rep5 keep] A orig 2f_slru pread: fq=96.22 delivery=100.0 cold=0.0
[rep5 keep] A orig 2f_slru async: fq=94.91 delivery=100.0 cold=0.0
[rep5 keep] B orig layers_5 pread: fq=401.3 delivery=100.0 cold=0.0
[rep5 keep] B orig layers_5 async: fq=417.56 delivery=100.0 cold=0.0
[rep5 keep] B orig 2d pread: fq=410.05 delivery=100.0 cold=0.0
[rep5 keep] B orig 2d async: fq=408.76 delivery=100.0 cold=0.0
[rep5 keep] B orig 2e_K10 pread: fq=418.84 delivery=100.0 cold=0.0
[rep5 keep] B orig 2e_K10 async: fq=410.22 delivery=100.0 cold=0.0
[rep5 keep] B orig 2e_K500 pread: fq=454.47 delivery=100.0 cold=0.0
[rep5 keep] B orig 2e_K500 async: fq=456.86 delivery=100.0 cold=0.0
[rep5 keep] B orig 2f_slru pread: fq=99.56 delivery=100.0 cold=0.0
[rep5 keep] B orig 2f_slru async: fq=98.87 delivery=100.0 cold=0.0
[rep5 keep] C orig layers_5 pread: fq=1006.65 delivery=100.0 cold=0.0
[rep5 keep] C orig layers_5 async: fq=1043.65 delivery=100.0 cold=0.0
[rep5 keep] C orig 2d pread: fq=658.0 delivery=100.0 cold=0.0
[rep5 keep] C orig 2d async: fq=660.84 delivery=100.0 cold=0.0
[rep5 keep] C orig 2e_K10 pread: fq=182.36 delivery=100.0 cold=0.0
[rep5 keep] C orig 2e_K10 async: fq=182.15 delivery=100.0 cold=0.0
[rep5 keep] C orig 2e_K500 pread: fq=182.69 delivery=100.0 cold=0.0
[rep5 keep] C orig 2e_K500 async: fq=184.7 delivery=67.5 cold=0.0
[rep5 keep] C orig 2f_slru pread: fq=98.31 delivery=100.0 cold=0.0
[rep5 keep] C orig 2f_slru async: fq=95.85 delivery=100.0 cold=0.0
[rep6 keep] A orig baseline baseline: fq=521.25 delivery=0.0 cold=0.0
[rep6 keep] B orig baseline baseline: fq=735.54 delivery=0.0 cold=0.0
[rep6 keep] C orig baseline baseline: fq=1071.29 delivery=0.0 cold=0.0
[rep6 keep] A orig layers_5 pread: fq=183.31 delivery=100.0 cold=0.0
[rep6 keep] A orig layers_5 async: fq=357.09 delivery=100.0 cold=0.0
[rep6 keep] A orig 2d pread: fq=182.16 delivery=100.0 cold=0.0
[rep6 keep] A orig 2d async: fq=327.12 delivery=100.0 cold=0.0
[rep6 keep] A orig 2e_K10 pread: fq=182.04 delivery=100.0 cold=0.0
[rep6 keep] A orig 2e_K10 async: fq=359.58 delivery=100.0 cold=0.0
[rep6 keep] A orig 2e_K500 pread: fq=185.36 delivery=100.0 cold=0.0
[rep6 keep] A orig 2e_K500 async: fq=182.12 delivery=100.0 cold=0.0
[rep6 keep] A orig 2f_slru pread: fq=98.89 delivery=100.0 cold=0.0
[rep6 keep] A orig 2f_slru async: fq=97.3 delivery=100.0 cold=0.0
[rep6 keep] B orig layers_5 pread: fq=405.11 delivery=100.0 cold=0.0
[rep6 keep] B orig layers_5 async: fq=414.34 delivery=100.0 cold=0.0
[rep6 keep] B orig 2d pread: fq=419.4 delivery=100.0 cold=0.0
[rep6 keep] B orig 2d async: fq=402.46 delivery=100.0 cold=0.0
[rep6 keep] B orig 2e_K10 pread: fq=398.12 delivery=100.0 cold=0.0
[rep6 keep] B orig 2e_K10 async: fq=416.13 delivery=100.0 cold=0.0
[rep6 keep] B orig 2e_K500 pread: fq=455.76 delivery=100.0 cold=0.0
[rep6 keep] B orig 2e_K500 async: fq=452.83 delivery=100.0 cold=0.0
[rep6 keep] B orig 2f_slru pread: fq=96.54 delivery=100.0 cold=0.0
[rep6 keep] B orig 2f_slru async: fq=99.57 delivery=100.0 cold=0.0
[rep6 keep] C orig layers_5 pread: fq=1040.32 delivery=100.0 cold=0.0
[rep6 keep] C orig layers_5 async: fq=1038.26 delivery=100.0 cold=0.0
[rep6 keep] C orig 2d pread: fq=622.49 delivery=100.0 cold=0.0
[rep6 keep] C orig 2d async: fq=630.77 delivery=100.0 cold=0.0
[rep6 keep] C orig 2e_K10 pread: fq=177.28 delivery=100.0 cold=0.0
[rep6 keep] C orig 2e_K10 async: fq=177.51 delivery=100.0 cold=0.0
[rep6 keep] C orig 2e_K500 pread: fq=176.84 delivery=100.0 cold=0.0
[rep6 keep] C orig 2e_K500 async: fq=177.22 delivery=64.5 cold=0.0
[rep6 keep] C orig 2f_slru pread: fq=89.64 delivery=100.0 cold=0.0
[rep6 keep] C orig 2f_slru async: fq=91.08 delivery=100.0 cold=0.0
[rep7 keep] A orig baseline baseline: fq=496.27 delivery=0.0 cold=0.0
[rep7 keep] B orig baseline baseline: fq=748.02 delivery=0.0 cold=0.0
[rep7 keep] C orig baseline baseline: fq=1071.96 delivery=0.0 cold=0.0
[rep7 keep] A orig layers_5 async: fq=364.44 delivery=100.0 cold=0.0
[rep7 keep] A orig 2d async: fq=355.41 delivery=100.0 cold=0.0
[rep7 keep] A orig 2e_K10 async: fq=359.42 delivery=100.0 cold=0.0
[rep7 keep] A orig 2e_K500 async: fq=183.47 delivery=100.0 cold=0.0
[rep7 keep] A orig 2f_slru async: fq=100.1 delivery=100.0 cold=0.0
[rep7 keep] B orig layers_5 async: fq=415.72 delivery=100.0 cold=0.0
[rep7 keep] B orig 2d async: fq=423.97 delivery=100.0 cold=0.0
[rep7 keep] B orig 2e_K10 async: fq=405.57 delivery=100.0 cold=0.0
[rep7 keep] B orig 2e_K500 async: fq=454.57 delivery=100.0 cold=0.0
[rep7 keep] B orig 2f_slru async: fq=99.0 delivery=100.0 cold=0.0
[rep7 keep] C orig layers_5 async: fq=1010.31 delivery=100.0 cold=0.0
[rep7 keep] C orig 2d async: fq=659.08 delivery=100.0 cold=0.0
[rep7 keep] C orig 2e_K10 async: fq=187.14 delivery=100.0 cold=0.0
[rep7 keep] C orig 2e_K500 async: fq=184.93 delivery=65.4 cold=0.0
[rep7 keep] C orig 2f_slru async: fq=93.69 delivery=100.0 cold=0.0
[rep8 keep] A orig baseline baseline: fq=500.39 delivery=0.0 cold=0.0
[rep8 keep] B orig baseline baseline: fq=742.01 delivery=0.0 cold=0.0
[rep8 keep] C orig baseline baseline: fq=1072.56 delivery=0.0 cold=0.0
[rep8 keep] A orig layers_5 async: fq=361.7 delivery=100.0 cold=0.0
[rep8 keep] A orig 2d async: fq=356.27 delivery=100.0 cold=0.0
[rep8 keep] A orig 2e_K10 async: fq=406.65 delivery=100.0 cold=0.0
[rep8 keep] A orig 2e_K500 async: fq=182.77 delivery=100.0 cold=0.0
[rep8 keep] A orig 2f_slru async: fq=101.05 delivery=100.0 cold=0.0
[rep8 keep] B orig layers_5 async: fq=414.86 delivery=100.0 cold=0.0
[rep8 keep] B orig 2d async: fq=419.5 delivery=100.0 cold=0.0
[rep8 keep] B orig 2e_K10 async: fq=407.1 delivery=100.0 cold=0.0
[rep8 keep] B orig 2e_K500 async: fq=455.62 delivery=100.0 cold=0.0
[rep8 keep] B orig 2f_slru async: fq=99.57 delivery=100.0 cold=0.0
[rep8 keep] C orig layers_5 async: fq=1041.72 delivery=100.0 cold=0.0
[rep8 keep] C orig 2d async: fq=654.84 delivery=100.0 cold=0.0
[rep8 keep] C orig 2e_K10 async: fq=179.05 delivery=100.0 cold=0.0
[rep8 keep] C orig 2e_K500 async: fq=220.48 delivery=60.4 cold=0.0
[rep8 keep] C orig 2f_slru async: fq=93.99 delivery=100.0 cold=0.0
[rep9 keep] A orig baseline baseline: fq=504.0 delivery=0.0 cold=0.0
[rep9 keep] B orig baseline baseline: fq=672.89 delivery=0.0 cold=0.0
[rep9 keep] C orig baseline baseline: fq=1061.03 delivery=0.0 cold=0.0
[rep9 keep] A orig layers_5 async: fq=375.66 delivery=100.0 cold=0.0
[rep9 keep] A orig 2d async: fq=367.02 delivery=100.0 cold=0.0
[rep9 keep] A orig 2e_K10 async: fq=397.65 delivery=100.0 cold=0.0
[rep9 keep] A orig 2e_K500 async: fq=181.02 delivery=100.0 cold=0.0
[rep9 keep] A orig 2f_slru async: fq=99.99 delivery=100.0 cold=0.0
[rep9 keep] B orig layers_5 async: fq=413.58 delivery=100.0 cold=0.0
[rep9 keep] B orig 2d async: fq=399.1 delivery=100.0 cold=0.0
[rep9 keep] B orig 2e_K10 async: fq=401.75 delivery=100.0 cold=0.0
[rep9 keep] B orig 2e_K500 async: fq=453.47 delivery=100.0 cold=0.0
[rep9 keep] B orig 2f_slru async: fq=99.49 delivery=100.0 cold=0.0
[rep9 keep] C orig layers_5 async: fq=1038.73 delivery=100.0 cold=0.0
[rep9 keep] C orig 2d async: fq=661.85 delivery=100.0 cold=0.0
[rep9 keep] C orig 2e_K10 async: fq=181.34 delivery=100.0 cold=0.0
[rep9 keep] C orig 2e_K500 async: fq=182.57 delivery=67.5 cold=0.0
[rep9 keep] C orig 2f_slru async: fq=97.23 delivery=100.0 cold=0.0
[rep10 keep] A orig baseline baseline: fq=511.12 delivery=0.0 cold=0.0
[rep10 keep] B orig baseline baseline: fq=730.4 delivery=0.0 cold=0.0
[rep10 keep] C orig baseline baseline: fq=1071.09 delivery=0.0 cold=0.0
[rep10 keep] A orig layers_5 async: fq=367.06 delivery=100.0 cold=0.0
[rep10 keep] A orig 2d async: fq=362.35 delivery=100.0 cold=0.0
[rep10 keep] A orig 2e_K10 async: fq=359.17 delivery=100.0 cold=0.0
[rep10 keep] A orig 2e_K500 async: fq=182.0 delivery=100.0 cold=0.0
[rep10 keep] A orig 2f_slru async: fq=98.69 delivery=100.0 cold=0.0
[rep10 keep] B orig layers_5 async: fq=405.77 delivery=100.0 cold=0.0
[rep10 keep] B orig 2d async: fq=412.5 delivery=100.0 cold=0.0
[rep10 keep] B orig 2e_K10 async: fq=414.31 delivery=100.0 cold=0.0
[rep10 keep] B orig 2e_K500 async: fq=475.93 delivery=100.0 cold=0.0
[rep10 keep] B orig 2f_slru async: fq=100.67 delivery=100.0 cold=0.0
[rep10 keep] C orig layers_5 async: fq=1037.33 delivery=100.0 cold=0.0
[rep10 keep] C orig 2d async: fq=662.67 delivery=100.0 cold=0.0
[rep10 keep] C orig 2e_K10 async: fq=178.65 delivery=100.0 cold=0.0
[rep10 keep] C orig 2e_K500 async: fq=178.81 delivery=67.5 cold=0.0
[rep10 keep] C orig 2f_slru async: fq=99.69 delivery=100.0 cold=0.0
[rep11 keep] A orig baseline baseline: fq=505.06 delivery=0.0 cold=0.0
[rep11 keep] B orig baseline baseline: fq=736.02 delivery=0.0 cold=0.0
[rep11 keep] C orig baseline baseline: fq=1076.05 delivery=0.0 cold=0.0
[rep11 keep] A orig layers_5 async: fq=355.25 delivery=100.0 cold=0.0
[rep11 keep] A orig 2d async: fq=358.66 delivery=100.0 cold=0.0
[rep11 keep] A orig 2e_K10 async: fq=360.46 delivery=100.0 cold=0.0
[rep11 keep] A orig 2e_K500 async: fq=177.44 delivery=100.0 cold=0.0
[rep11 keep] A orig 2f_slru async: fq=97.67 delivery=100.0 cold=0.0
[rep11 keep] B orig layers_5 async: fq=413.65 delivery=100.0 cold=0.0
[rep11 keep] B orig 2d async: fq=413.93 delivery=100.0 cold=0.0
[rep11 keep] B orig 2e_K10 async: fq=401.62 delivery=100.0 cold=0.0
[rep11 keep] B orig 2e_K500 async: fq=452.11 delivery=100.0 cold=0.0
[rep11 keep] B orig 2f_slru async: fq=99.18 delivery=100.0 cold=0.0
[rep11 keep] C orig layers_5 async: fq=1034.8 delivery=100.0 cold=0.0
[rep11 keep] C orig 2d async: fq=682.53 delivery=100.0 cold=0.0
[rep11 keep] C orig 2e_K10 async: fq=179.59 delivery=100.0 cold=0.0
[rep11 keep] C orig 2e_K500 async: fq=181.53 delivery=66.6 cold=0.0
[rep11 keep] C orig 2f_slru async: fq=98.2 delivery=100.0 cold=0.0

done. raw=results/unified_v3/matrix/raw.csv  summary=results/unified_v3/matrix/summary.csv
=== unified_v3 done 2026-09-14T02:36:53Z ===
